2025-05-06 21:44:16,328 - __main__ - INFO - Starting data processing pipeline
2025-05-06 21:44:16,333 - __main__ - INFO - Processed stock data for NIMB with 23 records
2025-05-06 21:44:16,334 - __main__ - ERROR - Error processing news data for NIMB: 'date'
2025-05-06 21:44:16,335 - __main__ - INFO - Twitter API authenticated successfully
2025-05-06 21:44:16,622 - __main__ - ERROR - Error fetching tweets from MeroShareSansar: 401 Unauthorized
Unauthorized
2025-05-06 21:44:16,871 - __main__ - ERROR - Error fetching tweets from ComMerolagani: 401 Unauthorized
Unauthorized
2025-05-06 21:44:17,120 - __main__ - ERROR - Error fetching tweets from nepse_alpha: 401 Unauthorized
Unauthorized
2025-05-06 21:44:17,376 - __main__ - ERROR - Error fetching tweets from nepalipaisa: 401 Unauthorized
Unauthorized
2025-05-06 21:44:17,377 - __main__ - WARNING - No tweet data processed, using empty DataFrame
2025-05-06 21:44:17,377 - __main__ - ERROR - Error generating news graph for NIMB: 'NIMB'
2025-05-06 21:44:18,060 - __main__ - INFO - Generated tweet sentiment graph
2025-05-06 21:44:18,060 - __main__ - INFO - Data processing pipeline completed
2025-05-06 21:50:26,802 - __main__ - INFO - Starting data processing pipeline
2025-05-06 21:50:26,809 - __main__ - INFO - Processed stock data for NIMB with 23 records
2025-05-06 21:50:26,811 - __main__ - ERROR - Error processing news data for NIMB: 'date'. Check date format in news_data_NIMB.csv
2025-05-06 21:50:30,332 - selenium.webdriver.common.selenium_manager - WARNING - Error sending stats to Plausible: error sending request for url (https://plausible.io/api/event)
2025-05-06 21:50:31,602 - __main__ - INFO - Selenium WebDriver initialized successfully
2025-05-06 21:51:05,785 - __main__ - INFO - Scraped 0 tweets from MeroShareSansar
2025-05-06 21:51:27,756 - __main__ - INFO - Scraped 0 tweets from ComMerolagani
2025-05-06 21:51:41,951 - __main__ - INFO - Scraped 0 tweets from nepse_alpha
2025-05-06 21:51:55,721 - __main__ - INFO - Scraped 0 tweets from nepalipaisa
2025-05-06 21:52:00,091 - __main__ - WARNING - No tweet data scraped, using mock data
2025-05-06 21:52:00,099 - __main__ - INFO - Generated mock tweet data with 23 records
2025-05-06 21:52:00,099 - __main__ - ERROR - Error generating news graph for NIMB: 'NIMB'
2025-05-06 21:52:00,451 - __main__ - INFO - Generated tweet sentiment graph
2025-05-06 21:52:00,451 - __main__ - INFO - Data processing pipeline completed
2025-05-06 22:04:04,604 - __main__ - INFO - Starting data processing pipeline
2025-05-06 22:04:04,625 - __main__ - INFO - Processed stock data for NIMB with 23 records
2025-05-06 22:04:04,647 - __main__ - ERROR - Error processing news data for NIMB: 'date'. Ensure date format in news_data_NIMB.csv is MM/DD/YYYY
2025-05-06 22:04:04,844 - __main__ - INFO - Scraped 0 items from https://eng.merolagani.com/
2025-05-06 22:04:08,545 - __main__ - INFO - Scraped 0 items from https://www.sharesansar.com/
2025-05-06 22:04:11,067 - __main__ - ERROR - Error scraping https://nepsealpha.com/: 403 Client Error: Forbidden for url: https://nepsealpha.com/
2025-05-06 22:04:11,864 - __main__ - INFO - Scraped 0 items from https://ekantipur.com/business
2025-05-06 22:04:13,866 - __main__ - WARNING - No sentiment data scraped, using mock data
2025-05-06 22:04:13,868 - __main__ - INFO - Generated mock sentiment data with 23 records
2025-05-06 22:04:13,868 - __main__ - ERROR - Error generating news graph for NIMB: 'NIMB'
2025-05-06 22:04:14,997 - __main__ - INFO - Generated sentiment graph
2025-05-06 22:04:14,997 - __main__ - INFO - Data processing pipeline completed
2025-05-06 22:09:17,807 - __main__ - INFO - Starting data processing pipeline
2025-05-06 22:09:17,811 - __main__ - INFO - Processed stock data for NIMB with 23 records
2025-05-06 22:09:17,811 - __main__ - ERROR - Error processing news data for NIMB: 'date'. Ensure date format in news_data_NIMB.csv is YYYY-MM-DD
2025-05-06 22:09:18,037 - __main__ - INFO - Scraped 45 items from https://eng.merolagani.com/
2025-05-06 22:09:21,692 - __main__ - INFO - Scraped 0 items from https://www.sharesansar.com/
2025-05-06 22:09:24,472 - __main__ - INFO - Scraped 20 items from https://ekantipur.com/business
2025-05-06 22:09:26,478 - __main__ - WARNING - No sentiment data scraped, using mock data
2025-05-06 22:09:26,481 - __main__ - INFO - Generated mock sentiment data with 23 records
2025-05-06 22:09:26,481 - __main__ - ERROR - Error generating news graph for NIMB: 'NIMB'
2025-05-06 22:09:26,854 - __main__ - INFO - Generated sentiment graph
2025-05-06 22:09:26,854 - __main__ - INFO - Data processing pipeline completed
2025-05-06 22:57:44,643 - __main__ - INFO - Starting data processing pipeline
2025-05-06 22:57:44,646 - __main__ - INFO - Processed stock data for NIMB with 23 records
2025-05-06 22:57:44,646 - __main__ - ERROR - Error processing news data for NIMB: 'date'. Ensure date format in news_data_NIMB.csv is YYYY-MM-DD
2025-05-06 22:57:44,873 - __main__ - INFO - Scraped 45 items from https://eng.merolagani.com/
2025-05-06 22:57:48,543 - __main__ - INFO - Scraped 0 items from https://www.sharesansar.com/
2025-05-06 22:57:51,457 - __main__ - INFO - Scraped 20 items from https://ekantipur.com/business
2025-05-06 22:57:53,461 - __main__ - WARNING - No sentiment data scraped, using mock data
2025-05-06 22:57:53,464 - __main__ - INFO - Generated mock sentiment data with 23 records
2025-05-06 22:57:53,525 - __main__ - INFO - Predicted prices saved to predicted_prices.csv with 34 records
2025-05-06 22:57:53,525 - __main__ - ERROR - Error generating news graph for NIMB: 'NIMB'
2025-05-06 22:57:53,880 - __main__ - INFO - Generated sentiment graph
2025-05-06 22:57:53,880 - __main__ - INFO - Data processing pipeline completed
2025-05-06 23:06:25,206 - __main__ - INFO - Starting data processing pipeline
2025-05-06 23:06:25,207 - __main__ - INFO - Processed stock data for NIMB with 23 records
2025-05-06 23:06:25,207 - __main__ - ERROR - Error processing news data for NIMB: 'date'. Ensure date format in news_data_NIMB.csv is YYYY-MM-DD
2025-05-06 23:06:25,451 - __main__ - INFO - Scraped 45 items from https://eng.merolagani.com/
2025-05-06 23:06:29,547 - __main__ - INFO - Scraped 0 items from https://www.sharesansar.com/
2025-05-06 23:06:32,469 - __main__ - INFO - Scraped 20 items from https://ekantipur.com/business
2025-05-06 23:06:34,475 - __main__ - WARNING - No sentiment data scraped, using mock data
2025-05-06 23:06:34,475 - __main__ - INFO - Generated mock sentiment data with 23 records
2025-05-06 23:06:34,475 - __main__ - ERROR - Error generating news graph for NIMB: 'NIMB'
2025-05-06 23:06:34,842 - __main__ - INFO - Generated sentiment graph
2025-05-06 23:06:34,842 - __main__ - INFO - Data processing pipeline completed
2025-05-06 23:06:58,954 - __main__ - INFO - Starting data processing pipeline
2025-05-06 23:06:58,959 - __main__ - INFO - Processed stock data for NIMB with 23 records
2025-05-06 23:06:58,959 - __main__ - ERROR - Error processing news data for NIMB: 'date'. Ensure date format in news_data_NIMB.csv is YYYY-MM-DD
2025-05-06 23:06:59,537 - __main__ - INFO - Scraped 45 items from https://eng.merolagani.com/
2025-05-06 23:07:03,218 - __main__ - INFO - Scraped 0 items from https://www.sharesansar.com/
2025-05-06 23:07:07,172 - __main__ - INFO - Scraped 20 items from https://ekantipur.com/business
2025-05-06 23:07:09,175 - __main__ - WARNING - No sentiment data scraped, using mock data
2025-05-06 23:07:09,180 - __main__ - INFO - Generated mock sentiment data with 23 records
2025-05-06 23:07:09,196 - __main__ - INFO - Predicted prices saved to predicted_prices.csv with 34 records
2025-05-06 23:07:09,196 - __main__ - ERROR - Error generating news graph for NIMB: 'NIMB'
2025-05-06 23:07:09,550 - __main__ - INFO - Generated sentiment graph
2025-05-06 23:07:09,552 - __main__ - INFO - Data processing pipeline completed
2025-05-06 23:14:04,817 - __main__ - INFO - Starting data processing pipeline
2025-05-06 23:14:04,822 - __main__ - INFO - Processed stock data for NIMB with 23 records
2025-05-06 23:14:04,824 - __main__ - ERROR - Error processing news data for NIMB: 'date'. Ensure date format in news_data_NIMB.csv is YYYY-MM-DD
2025-05-06 23:14:05,031 - __main__ - INFO - Scraped 45 items from https://eng.merolagani.com/
2025-05-06 23:14:08,843 - __main__ - INFO - Scraped 0 items from https://www.sharesansar.com/
2025-05-06 23:14:11,737 - __main__ - INFO - Scraped 20 items from https://ekantipur.com/business
2025-05-06 23:14:13,740 - __main__ - WARNING - No sentiment data scraped, using mock data
2025-05-06 23:14:13,745 - __main__ - INFO - Generated mock sentiment data with 23 records
2025-05-06 23:14:13,758 - __main__ - INFO - Predicted prices saved to predicted_prices.csv with 34 records
2025-05-06 23:14:13,761 - __main__ - ERROR - Error generating news graph for NIMB: 'NIMB'
2025-05-06 23:14:14,107 - __main__ - INFO - Generated sentiment graph
2025-05-06 23:14:14,116 - __main__ - INFO - Data processing pipeline completed
2025-05-06 23:15:01,049 - __main__ - INFO - Starting data processing pipeline
2025-05-06 23:15:01,054 - __main__ - ERROR - Error processing stock data for NIMB: [Errno 2] No such file or directory: 'nepse_data_NIMB.csv'
2025-05-06 23:15:01,054 - __main__ - ERROR - Error processing news data for NIMB: [Errno 2] No such file or directory: 'news_data_NIMB.csv'. Ensure date format in news_data_NIMB.csv is YYYY-MM-DD
2025-05-06 23:15:01,243 - __main__ - INFO - Scraped 45 items from https://eng.merolagani.com/
2025-05-06 23:15:04,920 - __main__ - INFO - Scraped 0 items from https://www.sharesansar.com/
2025-05-06 23:15:07,817 - __main__ - INFO - Scraped 20 items from https://ekantipur.com/business
2025-05-06 23:15:09,819 - __main__ - WARNING - No sentiment data scraped, using mock data
2025-05-06 23:15:09,820 - __main__ - INFO - Generated mock sentiment data with 23 records
2025-05-06 23:15:09,820 - __main__ - ERROR - Error predicting stock prices for NIMB: 'NIMB'
2025-05-06 23:17:46,198 - __main__ - INFO - Starting data processing pipeline
2025-05-06 23:17:46,204 - __main__ - ERROR - Error processing stock data for NIMB: [Errno 2] No such file or directory: 'nepse_data_NIMB.csv'
2025-05-06 23:17:46,204 - __main__ - ERROR - Pipeline failed for NIMB: [Errno 2] No such file or directory: 'nepse_data_NIMB.csv'
2025-05-06 23:17:46,204 - __main__ - INFO - Data processing pipeline completed
2025-05-06 23:18:19,975 - __main__ - INFO - Starting data processing pipeline
2025-05-06 23:18:20,169 - __main__ - ERROR - Error processing stock data for NIMB: [Errno 2] No such file or directory: 'C:\\Users\\hp\\Desktop\\sentiment\\nepse_data_NIMB.xlsx'
2025-05-06 23:18:20,169 - __main__ - ERROR - Pipeline failed for NIMB: [Errno 2] No such file or directory: 'C:\\Users\\hp\\Desktop\\sentiment\\nepse_data_NIMB.xlsx'
